MPLINK 4.49, Linker
Linker Map File - Created Mon Nov 19 17:54:32 2018

                                 Section Info
                  Section       Type    Address   Location Size(Bytes)
                ---------  ---------  ---------  ---------  ---------
                   .org_0       code   0x000000    program   0x000000
                   .org_1       code   0x000000    program   0x000094



                              Program Memory Usage 
                               Start         End      
                           ---------   ---------      
                            0x000000    0x000049      
            74 out of 8454 program addresses used, program memory utilization is 0%



                              Symbols - Sorted by Name
                     Name    Address   Location    Storage File                     
                ---------  ---------  ---------  --------- ---------                
                ANA_METOT   0x000001    program     static D:\mikroislemciler\2018GuzDonemi\49.uygulama\uygulama-49.asm
                    ARTIR   0x000026    program     static D:\mikroislemciler\2018GuzDonemi\49.uygulama\uygulama-49.asm
                    AZALT   0x00002d    program     static D:\mikroislemciler\2018GuzDonemi\49.uygulama\uygulama-49.asm
           DONUSTUR_METOT   0x00001c    program     static D:\mikroislemciler\2018GuzDonemi\49.uygulama\uygulama-49.asm
                  GECIKME   0x000041    program     static D:\mikroislemciler\2018GuzDonemi\49.uygulama\uygulama-49.asm
               LED_SONDUR   0x00003d    program     static D:\mikroislemciler\2018GuzDonemi\49.uygulama\uygulama-49.asm
                  LED_YAK   0x000039    program     static D:\mikroislemciler\2018GuzDonemi\49.uygulama\uygulama-49.asm
                  TEKRAR1   0x000043    program     static D:\mikroislemciler\2018GuzDonemi\49.uygulama\uygulama-49.asm
                  TEKRAR2   0x000045    program     static D:\mikroislemciler\2018GuzDonemi\49.uygulama\uygulama-49.asm
                   YAZDIR   0x000034    program     static D:\mikroislemciler\2018GuzDonemi\49.uygulama\uygulama-49.asm



                              Symbols - Sorted by Address
                     Name    Address   Location    Storage File                     
                ---------  ---------  ---------  --------- ---------                
                ANA_METOT   0x000001    program     static D:\mikroislemciler\2018GuzDonemi\49.uygulama\uygulama-49.asm
           DONUSTUR_METOT   0x00001c    program     static D:\mikroislemciler\2018GuzDonemi\49.uygulama\uygulama-49.asm
                    ARTIR   0x000026    program     static D:\mikroislemciler\2018GuzDonemi\49.uygulama\uygulama-49.asm
                    AZALT   0x00002d    program     static D:\mikroislemciler\2018GuzDonemi\49.uygulama\uygulama-49.asm
                   YAZDIR   0x000034    program     static D:\mikroislemciler\2018GuzDonemi\49.uygulama\uygulama-49.asm
                  LED_YAK   0x000039    program     static D:\mikroislemciler\2018GuzDonemi\49.uygulama\uygulama-49.asm
               LED_SONDUR   0x00003d    program     static D:\mikroislemciler\2018GuzDonemi\49.uygulama\uygulama-49.asm
                  GECIKME   0x000041    program     static D:\mikroislemciler\2018GuzDonemi\49.uygulama\uygulama-49.asm
                  TEKRAR1   0x000043    program     static D:\mikroislemciler\2018GuzDonemi\49.uygulama\uygulama-49.asm
                  TEKRAR2   0x000045    program     static D:\mikroislemciler\2018GuzDonemi\49.uygulama\uygulama-49.asm


